01:38:42.688 INFO  Scanner configuration file: /opt/homebrew/Cellar/sonar-scanner/8.1.0.6389/libexec/conf/sonar-scanner.properties
01:38:42.690 INFO  Project root configuration file: /Users/raphael/Library/Mobile Documents/com~apple~CloudDocs/My Documents/Education/MBA Software Engineering/TCC/avaliacao/sonar/sonar-common.properties
01:38:42.697 INFO  SonarScanner CLI 8.1.0.6389
01:38:42.698 INFO  Mac OS X 26.7.1 aarch64
01:38:43.831 INFO  Communicating with SonarQube Community Build 26.9.0.129388
01:38:43.831 INFO  JRE provisioning: os[macos], arch[arm64]
WARNING: Final field id in class org.sonarsource.scanner.lib.internal.facade.forked.JavaRunnerFactory$JreMetadata has been mutated reflectively by class com.google.gson.internal.bind.ReflectiveTypeAdapterFactory$2 in unnamed module @5442a311 (file:/opt/homebrew/Cellar/sonar-scanner/8.1.0.6389/libexec/lib/sonar-scanner-cli-8.1.0.6389.jar)
WARNING: Use --enable-final-field-mutation=ALL-UNNAMED to avoid a warning
WARNING: Mutating final fields will be blocked in a future release unless final field mutation is enabled
01:38:44.076 INFO  Starting SonarScanner Engine...
01:38:44.077 INFO  Java 21.0.11 Eclipse Adoptium (64-bit)
01:38:45.301 INFO  Load global settings
01:38:45.350 INFO  Load global settings (done) | time=47ms
01:38:45.351 INFO  Server id: 147B411E-AaD6E5klP_65WviX-zIj
01:38:45.355 INFO  Loading required plugins
01:38:45.355 INFO  Load plugins index
01:38:45.362 INFO  Load plugins index (done) | time=7ms
01:38:45.362 INFO  Load/download plugins
01:38:45.376 INFO  Load/download plugins (done) | time=14ms
01:38:45.486 INFO  Process project properties
01:38:45.492 INFO  Process project properties (done) | time=7ms
01:38:45.498 INFO  Project key: tcc-T1
01:38:45.498 INFO  Base dir: /Users/raphael/tcc-avaliacao/T1
01:38:45.498 INFO  Working dir: /Users/raphael/tcc-avaliacao/T1/.scannerwork
01:38:45.501 INFO  Load project settings for component key: 'tcc-T1'
01:38:45.518 INFO  Load project settings for component key: 'tcc-T1' (done) | time=17ms
01:38:45.527 INFO  Load quality profiles
01:38:45.552 INFO  Load quality profiles (done) | time=25ms
01:38:45.565 INFO  Load active rules
01:38:45.724 INFO  Load active rules (done) | time=159ms
01:38:45.726 INFO  Load analysis cache
01:38:45.736 INFO  Load analysis cache | time=9ms
01:38:45.769 INFO  Preprocessing files...
01:38:45.798 INFO  4 languages detected in 31 preprocessed files (done) | time=28ms
01:38:45.798 INFO  0 files ignored because of inclusion/exclusion patterns
01:38:45.798 INFO  2 directories skipped because of exclusion patterns (content not counted)
01:38:45.799 INFO  Loading plugins for detected languages
01:38:45.799 INFO  Load/download plugins
01:38:45.803 INFO  Load/download plugins (done) | time=5ms
01:38:45.860 INFO  Load project repositories
01:38:45.899 INFO  Load project repositories (done) | time=40ms
01:38:45.909 INFO  Indexing files...
01:38:45.909 INFO  Project configuration:
01:38:45.909 INFO    Excluded sources: **/node_modules/**, **/dist/**, **/build/**, **/coverage/**, **/.vite/**, **/*.min.js, **/*.test.*, **/*.spec.*, **/__tests__/**, **/__mocks__/**, **/test/**, **/tests/**, **/e2e/**, **/jest.config.*, **/vitest.config.*, **/vitest.setup.*, **/jest.setup.*, **/setupTests.*, **/playwright.config.*, **/cypress.config.*, **/.git/**
01:38:45.909 INFO    Excluded sources for coverage: **/*
01:38:45.913 INFO  31 files indexed (done) | time=4ms
01:38:45.913 INFO  Quality profile for css: Sonar way
01:38:45.913 INFO  Quality profile for js: Sonar way
01:38:45.914 INFO  Quality profile for json: Sonar way
01:38:45.914 INFO  Quality profile for web: Sonar way
01:38:45.914 INFO  ------------- Run sensors on module TCC T1
01:38:45.927 INFO  Load metrics repository
01:38:45.937 INFO  Load metrics repository (done) | time=9ms
01:38:46.051 INFO  Reflections took 26 ms to scan 1 urls, producing 30 keys and 295 values
01:38:46.085 INFO  Sensor IaC YAML File Type Classification Sensor [iac]
01:38:46.102 INFO  Sensor IaC YAML File Type Classification Sensor [iac] (done) | time=17ms
01:38:46.102 INFO  Sensor IaC CloudFormation Sensor [iac]
01:38:46.103 INFO  There are no files to be analyzed for the CloudFormation language
01:38:46.103 INFO  Sensor IaC CloudFormation Sensor [iac] (done) | time=0ms
01:38:46.103 INFO  Sensor IaC cfn-lint report Sensor [iac]
01:38:46.103 INFO  Sensor IaC cfn-lint report Sensor [iac] (done) | time=0ms
01:38:46.103 INFO  Sensor IaC hadolint report Sensor [iac]
01:38:46.103 INFO  Sensor IaC hadolint report Sensor [iac] (done) | time=0ms
01:38:46.103 INFO  Sensor IaC Azure Resource Manager Sensor [iac]
01:38:46.103 INFO  There are no files to be analyzed for the Azure Resource Manager language
01:38:46.103 INFO  Sensor IaC Azure Resource Manager Sensor [iac] (done) | time=0ms
01:38:46.103 INFO  Sensor Java Config Sensor [iac]
01:38:46.103 INFO  There are no files to be analyzed for the Java language
01:38:46.103 INFO  Sensor Java Config Sensor [iac] (done) | time=0ms
01:38:46.103 INFO  Sensor IaC Docker Sensor [iac]
01:38:46.103 INFO  There are no files to be analyzed for the Docker language
01:38:46.103 INFO  Sensor IaC Docker Sensor [iac] (done) | time=0ms
01:38:46.103 INFO  Sensor HTML [web]
01:38:46.123 INFO  Sensor HTML [web] (done) | time=19ms
01:38:46.123 INFO  Sensor TextAndSecretsSensor [text]
01:38:46.132 INFO  Available processors: 12
01:38:46.133 INFO  Using 12 threads for analysis.
01:38:46.224 INFO  The property "sonar.tests" is not set. To improve the analysis accuracy, we categorize a file as a test file if any of the following is true:
  * The filename starts with "test"
  * The filename contains "test." or "tests."
  * Any directory in the file path is named: "doc", "docs", "test", "tests", "mock" or "mocks"
  * Any directory in the file path has a name ending in "test" or "tests"

01:38:46.233 INFO  Start fetching files for the text and secrets analysis
01:38:46.248 INFO  Using Git CLI to retrieve dirty files
01:38:46.260 WARN  Retrieving only language associated files, make sure to run the analysis inside a git repository to make use of inclusions specified via "sonar.text.inclusions"
01:38:46.261 INFO  Starting the text and secrets analysis
01:38:46.262 INFO  31 source files to be analyzed for the text and secrets analysis
01:38:46.346 INFO  31/31 source files have been analyzed for the text and secrets analysis
01:38:46.347 INFO  Sensor TextAndSecretsSensor [text] (done) | time=223ms
01:38:46.349 INFO  ------------- Run sensors on project
01:38:46.439 INFO  Sensor JavaScript/TypeScript/CSS analysis [javascript]
01:38:46.651 INFO  Detected os: Mac OS X arch: aarch64 alpine: false. Platform: DARWIN_ARM64
01:38:46.651 INFO  Deploy location /Users/raphael/.sonar/js/node-runtime, tagetRuntime: /Users/raphael/.sonar/js/node-runtime/node,  version: /Users/raphael/.sonar/js/node-runtime/version.txt
01:38:46.706 INFO  Using embedded Node.js runtime.
01:38:46.706 INFO  Using Node.js executable: '/Users/raphael/.sonar/js/node-runtime/node'.
01:38:47.567 INFO  Memory configuration: OS (24576 MB), Node.js (4288 MB).
01:38:47.576 INFO  gRPC analyze-project server listening on 127.0.0.1:54028
01:38:47.649 INFO  Plugin version: [13.8.0.44569]
01:38:49.252 INFO  Found 0 tsconfig.json file(s): []
01:38:49.252 INFO  27 source files to be analyzed
01:38:49.252 INFO  Analyzing 25 file(s) using default options [lib: lib.esnext.d.ts, lib.dom.d.ts]
01:38:49.252 INFO  27/27 source files have been analyzed
01:38:49.256 INFO  Hit the cache for 0 out of 26
01:38:49.256 INFO  Miss the cache for 26 out of 26: ANALYSIS_MODE_INELIGIBLE [26/26]
01:38:49.256 INFO  Sensor JavaScript/TypeScript/CSS analysis [javascript] (done) | time=2817ms
01:38:49.256 INFO  Sensor IaC Project Sensor [iac]
01:38:49.257 INFO  Sensor IaC Project Sensor [iac] (done) | time=0ms
01:38:49.257 INFO  Sensor Zero Coverage Sensor
01:38:49.257 INFO  Sensor Zero Coverage Sensor (done) | time=0ms
01:38:49.257 INFO  ------------- Gather SCA dependencies on project
01:38:49.259 INFO  Dependency analysis skipped
01:38:49.260 INFO  SCM Publisher is disabled
01:38:49.262 INFO  CPD Executor 8 files had no CPD blocks
01:38:49.262 INFO  CPD Executor Calculating CPD for 19 files
01:38:49.267 INFO  CPD Executor CPD calculation finished (done) | time=5ms
01:38:49.303 INFO  Analysis report generated in 32ms, dir size=376.5 kB
01:38:49.332 INFO  Analysis report compressed in 29ms, zip size=104.5 kB
01:38:49.396 INFO  Analysis report uploaded in 64ms
01:38:49.397 INFO  ------------- Check Quality Gate status
01:38:49.397 INFO  Waiting for the analysis report to be processed (max 600s)
01:38:54.446 INFO  QUALITY GATE STATUS: PASSED - View details on http://localhost:9000/dashboard?id=tcc-T1
01:38:54.549 INFO  Analysis total time: 9.157 s
01:38:54.565 INFO  SonarScanner Engine completed successfully
01:38:54.574 INFO  EXECUTION SUCCESS
01:38:54.574 INFO  Total time: 11.888s
