02:03:49.731 INFO  Scanner configuration file: /opt/homebrew/Cellar/sonar-scanner/8.1.0.6389/libexec/conf/sonar-scanner.properties
02:03:49.733 INFO  Project root configuration file: /Users/raphael/Library/Mobile Documents/com~apple~CloudDocs/My Documents/Education/MBA Software Engineering/TCC/avaliacao/sonar/sonar-common.properties
02:03:49.740 INFO  SonarScanner CLI 8.1.0.6389
02:03:49.741 INFO  Mac OS X 26.7.1 aarch64
02:03:50.864 INFO  Communicating with SonarQube Community Build 26.9.0.129388
02:03:50.864 INFO  JRE provisioning: os[macos], arch[arm64]
WARNING: Final field id in class org.sonarsource.scanner.lib.internal.facade.forked.JavaRunnerFactory$JreMetadata has been mutated reflectively by class com.google.gson.internal.bind.ReflectiveTypeAdapterFactory$2 in unnamed module @5442a311 (file:/opt/homebrew/Cellar/sonar-scanner/8.1.0.6389/libexec/lib/sonar-scanner-cli-8.1.0.6389.jar)
WARNING: Use --enable-final-field-mutation=ALL-UNNAMED to avoid a warning
WARNING: Mutating final fields will be blocked in a future release unless final field mutation is enabled
02:03:51.096 INFO  Starting SonarScanner Engine...
02:03:51.096 INFO  Java 21.0.11 Eclipse Adoptium (64-bit)
02:03:52.324 INFO  Load global settings
02:03:52.378 INFO  Load global settings (done) | time=53ms
02:03:52.379 INFO  Server id: 147B411E-AaD6E5klP_65WviX-zIj
02:03:52.383 INFO  Loading required plugins
02:03:52.383 INFO  Load plugins index
02:03:52.392 INFO  Load plugins index (done) | time=9ms
02:03:52.392 INFO  Load/download plugins
02:03:52.406 INFO  Load/download plugins (done) | time=14ms
02:03:52.516 INFO  Process project properties
02:03:52.522 INFO  Process project properties (done) | time=6ms
02:03:52.527 INFO  Project key: tcc-T3
02:03:52.527 INFO  Base dir: /Users/raphael/tcc-avaliacao/T3
02:03:52.527 INFO  Working dir: /Users/raphael/tcc-avaliacao/T3/.scannerwork
02:03:52.531 INFO  Load project settings for component key: 'tcc-T3'
02:03:52.546 INFO  Load quality profiles
02:03:52.588 INFO  Load quality profiles (done) | time=43ms
02:03:52.602 INFO  Load active rules
02:03:52.723 INFO  Load active rules (done) | time=122ms
02:03:52.725 INFO  Load analysis cache
02:03:52.729 INFO  Load analysis cache (404) | time=3ms
02:03:52.762 INFO  Preprocessing files...
02:03:52.792 INFO  4 languages detected in 40 preprocessed files (done) | time=30ms
02:03:52.792 INFO  0 files ignored because of inclusion/exclusion patterns
02:03:52.793 INFO  Loading plugins for detected languages
02:03:52.793 INFO  Load/download plugins
02:03:52.797 INFO  Load/download plugins (done) | time=4ms
02:03:52.855 INFO  Load project repositories
02:03:52.859 INFO  Load project repositories (done) | time=3ms
02:03:52.866 INFO  Indexing files...
02:03:52.866 INFO  Project configuration:
02:03:52.866 INFO    Excluded sources: **/node_modules/**, **/dist/**, **/build/**, **/coverage/**, **/.vite/**, **/*.min.js, **/*.test.*, **/*.spec.*, **/__tests__/**, **/__mocks__/**, **/test/**, **/tests/**, **/e2e/**, **/jest.config.*, **/vitest.config.*, **/vitest.setup.*, **/jest.setup.*, **/setupTests.*, **/playwright.config.*, **/cypress.config.*, **/.git/**
02:03:52.866 INFO    Excluded sources for coverage: **/*
02:03:52.870 INFO  40 files indexed (done) | time=4ms
02:03:52.871 INFO  Quality profile for css: Sonar way
02:03:52.871 INFO  Quality profile for js: Sonar way
02:03:52.871 INFO  Quality profile for json: Sonar way
02:03:52.871 INFO  Quality profile for web: Sonar way
02:03:52.871 INFO  ------------- Run sensors on module TCC T3
02:03:52.884 INFO  Load metrics repository
02:03:52.895 INFO  Load metrics repository (done) | time=12ms
02:03:53.024 INFO  Reflections took 25 ms to scan 1 urls, producing 30 keys and 295 values
02:03:53.060 INFO  Sensor IaC YAML File Type Classification Sensor [iac]
02:03:53.079 INFO  Sensor IaC YAML File Type Classification Sensor [iac] (done) | time=18ms
02:03:53.079 INFO  Sensor IaC CloudFormation Sensor [iac]
02:03:53.079 INFO  There are no files to be analyzed for the CloudFormation language
02:03:53.079 INFO  Sensor IaC CloudFormation Sensor [iac] (done) | time=0ms
02:03:53.079 INFO  Sensor IaC cfn-lint report Sensor [iac]
02:03:53.079 INFO  Sensor IaC cfn-lint report Sensor [iac] (done) | time=0ms
02:03:53.079 INFO  Sensor IaC hadolint report Sensor [iac]
02:03:53.079 INFO  Sensor IaC hadolint report Sensor [iac] (done) | time=0ms
02:03:53.079 INFO  Sensor IaC Azure Resource Manager Sensor [iac]
02:03:53.079 INFO  There are no files to be analyzed for the Azure Resource Manager language
02:03:53.079 INFO  Sensor IaC Azure Resource Manager Sensor [iac] (done) | time=0ms
02:03:53.079 INFO  Sensor Java Config Sensor [iac]
02:03:53.079 INFO  There are no files to be analyzed for the Java language
02:03:53.079 INFO  Sensor Java Config Sensor [iac] (done) | time=0ms
02:03:53.080 INFO  Sensor IaC Docker Sensor [iac]
02:03:53.080 INFO  There are no files to be analyzed for the Docker language
02:03:53.080 INFO  Sensor IaC Docker Sensor [iac] (done) | time=0ms
02:03:53.080 INFO  Sensor HTML [web]
02:03:53.100 INFO  Sensor HTML [web] (done) | time=20ms
02:03:53.100 INFO  Sensor TextAndSecretsSensor [text]
02:03:53.111 INFO  Available processors: 12
02:03:53.111 INFO  Using 12 threads for analysis.
02:03:53.209 INFO  The property "sonar.tests" is not set. To improve the analysis accuracy, we categorize a file as a test file if any of the following is true:
  * The filename starts with "test"
  * The filename contains "test." or "tests."
  * Any directory in the file path is named: "doc", "docs", "test", "tests", "mock" or "mocks"
  * Any directory in the file path has a name ending in "test" or "tests"

02:03:53.219 INFO  Start fetching files for the text and secrets analysis
02:03:53.234 INFO  Using Git CLI to retrieve dirty files
02:03:53.246 WARN  Retrieving only language associated files, make sure to run the analysis inside a git repository to make use of inclusions specified via "sonar.text.inclusions"
02:03:53.246 INFO  Starting the text and secrets analysis
02:03:53.247 INFO  38 source files to be analyzed for the text and secrets analysis
02:03:53.299 INFO  38/38 source files have been analyzed for the text and secrets analysis
02:03:53.299 INFO  Sensor TextAndSecretsSensor [text] (done) | time=199ms
02:03:53.301 INFO  ------------- Run sensors on project
02:03:53.392 INFO  Sensor JavaScript/TypeScript/CSS analysis [javascript]
02:03:53.556 INFO  Detected os: Mac OS X arch: aarch64 alpine: false. Platform: DARWIN_ARM64
02:03:53.556 INFO  Deploy location /Users/raphael/.sonar/js/node-runtime, tagetRuntime: /Users/raphael/.sonar/js/node-runtime/node,  version: /Users/raphael/.sonar/js/node-runtime/version.txt
02:03:53.608 INFO  Using embedded Node.js runtime.
02:03:53.608 INFO  Using Node.js executable: '/Users/raphael/.sonar/js/node-runtime/node'.
02:03:54.471 INFO  Memory configuration: OS (24576 MB), Node.js (4288 MB).
02:03:54.481 INFO  gRPC analyze-project server listening on 127.0.0.1:54725
02:03:54.557 INFO  Plugin version: [13.8.0.44569]
02:03:55.216 INFO  Found 0 tsconfig.json file(s): []
02:03:55.939 INFO  34 source files to be analyzed
02:03:55.939 INFO  Analyzing 32 file(s) using default options [lib: lib.esnext.d.ts, lib.dom.d.ts]
02:03:55.939 INFO  34/34 source files have been analyzed
02:03:55.944 INFO  Hit the cache for 0 out of 33
02:03:55.944 INFO  Miss the cache for 33 out of 33: ANALYSIS_MODE_INELIGIBLE [33/33]
02:03:55.944 INFO  Sensor JavaScript/TypeScript/CSS analysis [javascript] (done) | time=2552ms
02:03:55.944 INFO  Sensor IaC Project Sensor [iac]
02:03:55.944 INFO  Sensor IaC Project Sensor [iac] (done) | time=0ms
02:03:55.944 INFO  Sensor Zero Coverage Sensor
02:03:55.944 INFO  Sensor Zero Coverage Sensor (done) | time=0ms
02:03:55.944 INFO  ------------- Gather SCA dependencies on project
02:03:55.947 INFO  Dependency analysis skipped
02:03:55.947 INFO  SCM Publisher is disabled
02:03:55.949 INFO  CPD Executor 15 files had no CPD blocks
02:03:55.949 INFO  CPD Executor Calculating CPD for 19 files
02:03:55.954 INFO  CPD Executor CPD calculation finished (done) | time=4ms
02:03:56.015 INFO  Analysis report generated in 58ms, dir size=387.5 kB
02:03:56.048 INFO  Analysis report compressed in 33ms, zip size=117.4 kB
02:03:56.204 INFO  Analysis report uploaded in 156ms
02:03:56.204 INFO  ------------- Check Quality Gate status
02:03:56.204 INFO  Waiting for the analysis report to be processed (max 600s)
02:04:01.246 INFO  QUALITY GATE STATUS: PASSED - View details on http://localhost:9000/dashboard?id=tcc-T3
02:04:01.333 INFO  Analysis total time: 8.911 s
02:04:01.348 INFO  SonarScanner Engine completed successfully
02:04:01.368 INFO  EXECUTION SUCCESS
02:04:01.369 INFO  Total time: 11.639s
