01:48:00.867 INFO  Scanner configuration file: /opt/homebrew/Cellar/sonar-scanner/8.1.0.6389/libexec/conf/sonar-scanner.properties
01:48:00.868 INFO  Project root configuration file: /Users/raphael/Library/Mobile Documents/com~apple~CloudDocs/My Documents/Education/MBA Software Engineering/TCC/avaliacao/sonar/sonar-common.properties
01:48:00.876 INFO  SonarScanner CLI 8.1.0.6389
01:48:00.877 INFO  Mac OS X 26.7.1 aarch64
01:48:02.011 INFO  Communicating with SonarQube Community Build 26.9.0.129388
01:48:02.011 INFO  JRE provisioning: os[macos], arch[arm64]
WARNING: Final field id in class org.sonarsource.scanner.lib.internal.facade.forked.JavaRunnerFactory$JreMetadata has been mutated reflectively by class com.google.gson.internal.bind.ReflectiveTypeAdapterFactory$2 in unnamed module @5442a311 (file:/opt/homebrew/Cellar/sonar-scanner/8.1.0.6389/libexec/lib/sonar-scanner-cli-8.1.0.6389.jar)
WARNING: Use --enable-final-field-mutation=ALL-UNNAMED to avoid a warning
WARNING: Mutating final fields will be blocked in a future release unless final field mutation is enabled
01:48:02.257 INFO  Starting SonarScanner Engine...
01:48:02.257 INFO  Java 21.0.11 Eclipse Adoptium (64-bit)
01:48:03.495 INFO  Load global settings
01:48:03.550 INFO  Load global settings (done) | time=54ms
01:48:03.551 INFO  Server id: 147B411E-AaD6E5klP_65WviX-zIj
01:48:03.555 INFO  Loading required plugins
01:48:03.555 INFO  Load plugins index
01:48:03.562 INFO  Load plugins index (done) | time=7ms
01:48:03.562 INFO  Load/download plugins
01:48:03.576 INFO  Load/download plugins (done) | time=14ms
01:48:03.684 INFO  Process project properties
01:48:03.690 INFO  Process project properties (done) | time=6ms
01:48:03.695 INFO  Project key: tcc-T2
01:48:03.696 INFO  Base dir: /Users/raphael/tcc-avaliacao/T2
01:48:03.696 INFO  Working dir: /Users/raphael/tcc-avaliacao/T2/.scannerwork
01:48:03.699 INFO  Load project settings for component key: 'tcc-T2'
01:48:03.715 INFO  Load quality profiles
01:48:03.763 INFO  Load quality profiles (done) | time=48ms
01:48:03.776 INFO  Load active rules
01:48:03.895 INFO  Load active rules (done) | time=119ms
01:48:03.897 INFO  Load analysis cache
01:48:03.900 INFO  Load analysis cache (404) | time=3ms
01:48:03.934 INFO  Preprocessing files...
01:48:03.961 INFO  4 languages detected in 35 preprocessed files (done) | time=26ms
01:48:03.961 INFO  0 files ignored because of inclusion/exclusion patterns
01:48:03.961 INFO  2 directories skipped because of exclusion patterns (content not counted)
01:48:03.961 INFO  Loading plugins for detected languages
01:48:03.961 INFO  Load/download plugins
01:48:03.966 INFO  Load/download plugins (done) | time=4ms
01:48:04.022 INFO  Load project repositories
01:48:04.025 INFO  Load project repositories (done) | time=3ms
01:48:04.032 INFO  Indexing files...
01:48:04.032 INFO  Project configuration:
01:48:04.032 INFO    Excluded sources: **/node_modules/**, **/dist/**, **/build/**, **/coverage/**, **/.vite/**, **/*.min.js, **/*.test.*, **/*.spec.*, **/__tests__/**, **/__mocks__/**, **/test/**, **/tests/**, **/e2e/**, **/jest.config.*, **/vitest.config.*, **/vitest.setup.*, **/jest.setup.*, **/setupTests.*, **/playwright.config.*, **/cypress.config.*, **/.git/**
01:48:04.032 INFO    Excluded sources for coverage: **/*
01:48:04.037 INFO  35 files indexed (done) | time=4ms
01:48:04.037 INFO  Quality profile for css: Sonar way
01:48:04.037 INFO  Quality profile for js: Sonar way
01:48:04.037 INFO  Quality profile for json: Sonar way
01:48:04.037 INFO  Quality profile for web: Sonar way
01:48:04.037 INFO  ------------- Run sensors on module TCC T2
01:48:04.051 INFO  Load metrics repository
01:48:04.060 INFO  Load metrics repository (done) | time=9ms
01:48:04.185 INFO  Reflections took 24 ms to scan 1 urls, producing 30 keys and 295 values
01:48:04.218 INFO  Sensor IaC YAML File Type Classification Sensor [iac]
01:48:04.236 INFO  Sensor IaC YAML File Type Classification Sensor [iac] (done) | time=18ms
01:48:04.236 INFO  Sensor IaC CloudFormation Sensor [iac]
01:48:04.237 INFO  There are no files to be analyzed for the CloudFormation language
01:48:04.237 INFO  Sensor IaC CloudFormation Sensor [iac] (done) | time=0ms
01:48:04.237 INFO  Sensor IaC cfn-lint report Sensor [iac]
01:48:04.237 INFO  Sensor IaC cfn-lint report Sensor [iac] (done) | time=0ms
01:48:04.237 INFO  Sensor IaC hadolint report Sensor [iac]
01:48:04.237 INFO  Sensor IaC hadolint report Sensor [iac] (done) | time=0ms
01:48:04.237 INFO  Sensor IaC Azure Resource Manager Sensor [iac]
01:48:04.237 INFO  There are no files to be analyzed for the Azure Resource Manager language
01:48:04.237 INFO  Sensor IaC Azure Resource Manager Sensor [iac] (done) | time=0ms
01:48:04.237 INFO  Sensor Java Config Sensor [iac]
01:48:04.237 INFO  There are no files to be analyzed for the Java language
01:48:04.237 INFO  Sensor Java Config Sensor [iac] (done) | time=0ms
01:48:04.237 INFO  Sensor IaC Docker Sensor [iac]
01:48:04.238 INFO  There are no files to be analyzed for the Docker language
01:48:04.238 INFO  Sensor IaC Docker Sensor [iac] (done) | time=0ms
01:48:04.238 INFO  Sensor HTML [web]
01:48:04.258 INFO  Sensor HTML [web] (done) | time=20ms
01:48:04.259 INFO  Sensor TextAndSecretsSensor [text]
01:48:04.268 INFO  Available processors: 12
01:48:04.269 INFO  Using 12 threads for analysis.
01:48:04.362 INFO  The property "sonar.tests" is not set. To improve the analysis accuracy, we categorize a file as a test file if any of the following is true:
  * The filename starts with "test"
  * The filename contains "test." or "tests."
  * Any directory in the file path is named: "doc", "docs", "test", "tests", "mock" or "mocks"
  * Any directory in the file path has a name ending in "test" or "tests"

01:48:04.371 INFO  Start fetching files for the text and secrets analysis
01:48:04.385 INFO  Using Git CLI to retrieve dirty files
01:48:04.396 WARN  Retrieving only language associated files, make sure to run the analysis inside a git repository to make use of inclusions specified via "sonar.text.inclusions"
01:48:04.397 INFO  Starting the text and secrets analysis
01:48:04.397 INFO  33 source files to be analyzed for the text and secrets analysis
01:48:04.447 INFO  33/33 source files have been analyzed for the text and secrets analysis
01:48:04.448 INFO  Sensor TextAndSecretsSensor [text] (done) | time=189ms
01:48:04.449 INFO  ------------- Run sensors on project
01:48:04.543 INFO  Sensor JavaScript/TypeScript/CSS analysis [javascript]
01:48:04.706 INFO  Detected os: Mac OS X arch: aarch64 alpine: false. Platform: DARWIN_ARM64
01:48:04.706 INFO  Deploy location /Users/raphael/.sonar/js/node-runtime, tagetRuntime: /Users/raphael/.sonar/js/node-runtime/node,  version: /Users/raphael/.sonar/js/node-runtime/version.txt
01:48:04.766 INFO  Using embedded Node.js runtime.
01:48:04.766 INFO  Using Node.js executable: '/Users/raphael/.sonar/js/node-runtime/node'.
01:48:05.670 INFO  Memory configuration: OS (24576 MB), Node.js (4288 MB).
01:48:05.680 INFO  gRPC analyze-project server listening on 127.0.0.1:54238
01:48:05.750 INFO  Plugin version: [13.8.0.44569]
01:48:06.415 INFO  Found 0 tsconfig.json file(s): []
01:48:07.109 INFO  29 source files to be analyzed
01:48:07.109 INFO  Analyzing 27 file(s) using default options [lib: lib.esnext.d.ts, lib.dom.d.ts]
01:48:07.109 INFO  29/29 source files have been analyzed
01:48:07.114 INFO  Hit the cache for 0 out of 28
01:48:07.114 INFO  Miss the cache for 28 out of 28: ANALYSIS_MODE_INELIGIBLE [28/28]
01:48:07.114 INFO  Sensor JavaScript/TypeScript/CSS analysis [javascript] (done) | time=2570ms
01:48:07.114 INFO  Sensor IaC Project Sensor [iac]
01:48:07.114 INFO  Sensor IaC Project Sensor [iac] (done) | time=0ms
01:48:07.114 INFO  Sensor Zero Coverage Sensor
01:48:07.114 INFO  Sensor Zero Coverage Sensor (done) | time=0ms
01:48:07.114 INFO  ------------- Gather SCA dependencies on project
01:48:07.117 INFO  Dependency analysis skipped
01:48:07.117 INFO  SCM Publisher is disabled
01:48:07.119 INFO  CPD Executor 9 files had no CPD blocks
01:48:07.119 INFO  CPD Executor Calculating CPD for 20 files
01:48:07.124 INFO  CPD Executor CPD calculation finished (done) | time=5ms
01:48:07.185 INFO  Analysis report generated in 57ms, dir size=383.6 kB
01:48:07.219 INFO  Analysis report compressed in 35ms, zip size=111.8 kB
01:48:07.353 INFO  Analysis report uploaded in 133ms
01:48:07.353 INFO  ------------- Check Quality Gate status
01:48:07.353 INFO  Waiting for the analysis report to be processed (max 600s)
01:48:12.393 INFO  QUALITY GATE STATUS: PASSED - View details on http://localhost:9000/dashboard?id=tcc-T2
01:48:12.476 INFO  Analysis total time: 8.884 s
01:48:12.491 INFO  SonarScanner Engine completed successfully
01:48:12.512 INFO  EXECUTION SUCCESS
01:48:12.513 INFO  Total time: 11.648s
